
> earlyjobs-crm@1.0.0 build
> vite build

[36mvite v6.4.1 [32mbuilding for production...[36m[39m
transforming...
[32mΓ£ô[39m 25 modules transformed.
node.exe : [31mΓ£ù[39m 
Build failed in 364ms
At line:1 char:1
+ & "C:\Program 
Files\nodejs/node.exe" 
"C:\Program 
Files\nodejs/node_mo ...
+ ~~~~~~~~~~~~~~~~~~~~~~~~
~~~~~~~~~~~~~~~~~~~~~~~~~~
~~~~~~~~~~~~~~~~~~~
    + CategoryInfo        
      : NotSpecified: (  
  [31mΓ£ù[39m Build fa   
 iled in 364ms:String)    
 [], RemoteException
    + FullyQualifiedError 
   Id : NativeCommandErr  
  or
 
[31merror during build:
[31m[vite]: Rollup 
failed to resolve import 
"react-markdown" from "C:/
Users/DELL/Downloads/FSM/s
rc/components/UI/AIChatWid
get.jsx".
This is most likely 
unintended because it can 
break your application at 
runtime.
If you do want to 
externalize this module 
explicitly add it to
`build.rollupOptions.exter
nal`[31m
    at viteLog (file:///C:
/Users/DELL/Downloads/FSM/
node_modules/vite/dist/nod
e/chunks/dep-D4NMHUTW.js:4
6374:15)
    at file:///C:/Users/DE
LL/Downloads/FSM/node_modu
les/vite/dist/node/chunks/
dep-D4NMHUTW.js:46432:18
    at onwarn (file:///C:/
Users/DELL/Downloads/FSM/n
ode_modules/@vitejs/plugin
-react/dist/index.js:90:7)
    at file:///C:/Users/DE
LL/Downloads/FSM/node_modu
les/vite/dist/node/chunks/
dep-D4NMHUTW.js:46430:7
    at onRollupLog (file:/
//C:/Users/DELL/Downloads/
FSM/node_modules/vite/dist
/node/chunks/dep-D4NMHUTW.
js:46422:5)
    at onLog (file:///C:/U
sers/DELL/Downloads/FSM/no
de_modules/vite/dist/node/
chunks/dep-D4NMHUTW.js:460
72:7)
    at file:///C:/Users/DE
LL/Downloads/FSM/node_modu
les/rollup/dist/es/shared/
node-entry.js:21369:32
    at Object.logger [as 
onLog] (file:///C:/Users/D
ELL/Downloads/FSM/node_mod
ules/rollup/dist/es/shared
/node-entry.js:23364:9)
    at ModuleLoader.handle
InvalidResolvedId (file://
/C:/Users/DELL/Downloads/F
SM/node_modules/rollup/dis
t/es/shared/node-entry.js:
22108:26)
    at file:///C:/Users/DE
LL/Downloads/FSM/node_modu
les/rollup/dist/es/shared/
node-entry.js:22066:26[39
m
